// Jest Snapshot v1, https://goo.gl/fbAQLP

exports[`<Controls/> should take a snapshot 1`] = `
<div
  className="controls panel"
>
  <button
    className="toggle-btn"
    data-testid="togglelock"
    disabled={true}
  >
    Lock Gate
  </button>
  <button
    className="toggle-btn"
    data-testid="toggleClosed"
  >
    Close Gate
  </button>
</div>
`;
